[uicookies.com/demo/theme/instant/index.html]
[backblue.gif]
[fade.gif]
[index.html]
[uicookies.com/demo/theme/instant/assets/css/bootstrap/bootstrap.css]
[uicookies.com/demo/theme/instant/assets/fonts/ionicons/css/ionicons.min.css]
[uicookies.com/demo/theme/instant/assets/css/magnific-popup.css]
[uicookies.com/demo/theme/instant/assets/fonts/fontawesome/css/font-awesome.min.css]
[uicookies.com/demo/theme/instant/assets/css/slick.css]
[uicookies.com/demo/theme/instant/assets/css/helpers.css]
[uicookies.com/demo/theme/instant/assets/css/style.css]
[uicookies.com/demo/theme/instant/index.html]
[uicookies.com/demo/theme/instant/assets/css/bootstrap/bootstrap.css]
[uicookies.com/demo/theme/instant/assets/css/restaurant.css]
[uicookies.com/demo/theme/instant/assets/fonts/ionicons/fonts/ionicons28b5.eot]
[uicookies.com/demo/theme/instant/assets/fonts/ionicons/fonts/ionicons28b5.ttf]
[uicookies.com/demo/theme/instant/assets/fonts/ionicons/fonts/ionicons28b5.eot]
[uicookies.com/demo/theme/instant/assets/fonts/ionicons/fonts/ionicons28b5.woff]
[uicookies.com/demo/theme/instant/assets/fonts/ionicons/fonts/ionicons28b5.ttf]
[uicookies.com/demo/theme/instant/assets/fonts/ionicons/css/ionicons.min.css]
[uicookies.com/demo/theme/instant/assets/css/magnific-popup.css]
[uicookies.com/demo/theme/instant/assets/fonts/ionicons/fonts/ionicons28b5.svg]
[uicookies.com/demo/theme/instant/assets/fonts/fontawesome/fonts/fontawesome-webfont3e6e.eot]
[uicookies.com/demo/theme/instant/assets/fonts/fontawesome/fonts/fontawesome-webfontd41d.eot]
[uicookies.com/demo/theme/instant/assets/fonts/fontawesome/fonts/fontawesome-webfont3e6e.eot]
[uicookies.com/demo/theme/instant/assets/fonts/fontawesome/fonts/fontawesome-webfont3e6e.woff2]
[uicookies.com/demo/theme/instant/assets/fonts/fontawesome/fonts/fontawesome-webfont3e6e.woff]
[uicookies.com/demo/theme/instant/assets/fonts/fontawesome/fonts/fontawesome-webfont3e6e.ttf]
[uicookies.com/demo/theme/instant/assets/fonts/fontawesome/css/font-awesome.min.css]
[uicookies.com/demo/theme/instant/assets/css/slick.css]
[uicookies.com/demo/theme/instant/assets/css/helpers.css]
[uicookies.com/demo/theme/instant/assets/css/style.css]
[uicookies.com/demo/theme/instant/assets/css/restaurant.css]
[uicookies.com/demo/theme/instant/assets/fonts/ionicons/fonts/ionicons28b5.svg]
[uicookies.com/demo/theme/instant/assets/fonts/fontawesome/fonts/fontawesome-webfont3e6e.svg]
[uicookies.com/demo/theme/instant/assets/fonts/fontawesome/fonts/fontawesome-webfont3e6e.svg]
